
 ⛅️ wrangler 4.60.0 (update available 4.123.0)
──────────────────────────────────────────────
✨ Compiled Worker successfully
✨ Parsed 20 valid redirect rules.
✨ Parsed 1 valid header rule.
Your Worker has access to the following bindings:
Binding                                                     Resource       Mode
env.STREAMSUITES_UPDATES_BUCKET (streamsuites-updates)      R2 Bucket      local

⎔ Starting local server...
[wrangler:warn] The latest compatibility date supported by the installed Cloudflare Workers Runtime is "2026-01-20",
but you've requested "2026-07-27". Falling back to "2026-01-20"...
Features enabled by your requested compatibility date may not be available.
Upgrade to `wrangler@4.123.0` to remove this warning.
[wrangler:info] Ready on http://127.0.0.1:8796
[wrangler:info] GET / 200 OK (31ms)
[wrangler:info] GET /u/bsmediagroup 200 OK (1767ms)
[wrangler:info] GET /status 200 OK (10ms)
[wrangler:info] GET /health 200 OK (11ms)
[wrangler:info] GET /version 200 OK (8ms)
[wrangler:info] GET /u/bsmediagroup 200 OK (1743ms)
[wrangler:info] GET /css/base.css 200 OK (16ms)
[wrangler:info] GET /css/theme-dark.css 200 OK (27ms)
[wrangler:info] GET /css/public-shell.css 200 OK (41ms)
[wrangler:info] GET /css/public-profile.css 200 OK (41ms)
[wrangler:info] GET /css/status-widget.css 200 OK (45ms)
[wrangler:info] GET /css/public-fonts.css 200 OK (24ms)
[wrangler:info] GET /css/feature-edges.css 200 OK (36ms)
[wrangler:info] GET /assets/css/ss-profile-hovercard.css 200 OK (65ms)
[wrangler:info] GET /assets/logos/wmnew.webp 200 OK (56ms)
[wrangler:info] GET /assets/logos/ssmainlogosq.webp 200 OK (61ms)
[wrangler:info] GET /js/utils/versioning.js 200 OK (66ms)
[wrangler:info] GET /js/public-badge-ui.js 200 OK (75ms)
[wrangler:info] GET /js/public-data-hub.js 200 OK (79ms)
[wrangler:info] GET /js/public-pages-app.js 200 OK (76ms)
[wrangler:info] GET /assets/fonts/body/Blinker-Regular.ttf 200 OK (98ms)
[wrangler:info] GET /assets/fonts/mono/IBMPlexMono-SemiBold.ttf 200 OK (97ms)
[wrangler:info] GET /assets/js/ss-profile-hovercard.js 200 OK (110ms)
[wrangler:info] GET /js/utils/version-stamp.js 200 OK (111ms)
[wrangler:info] GET /js/status-widget.js 200 OK (114ms)
[wrangler:info] GET /assets/fonts/body/Blinker-Bold.ttf 200 OK (102ms)
[wrangler:info] GET /assets/fonts/mono/IBMPlexMono-Bold.ttf 200 OK (97ms)
[wrangler:info] GET /assets/icons/ui/streamsuites-filled.svg 200 OK (59ms)
[wrangler:info] GET /assets/icons/ui/profile.svg 200 OK (64ms)
[wrangler:info] GET /assets/placeholders/defaultprofilecover.webp 200 OK (71ms)
[wrangler:info] GET /assets/games/currencyunit.svg 200 OK (73ms)
[wrangler:info] GET /assets/logos/ssmotfinew.webp 200 OK (82ms)
[wrangler:info] GET /assets/icons/ui/profilecard.svg 200 OK (80ms)
[wrangler:info] GET /assets/icons/ui/idcardfilled.svg 200 OK (67ms)
[wrangler:info] GET /assets/icons/ui/visible.svg 200 OK (70ms)
[wrangler:info] GET /assets/icons/ui/clipcards.svg 200 OK (86ms)
[wrangler:info] GET /assets/icons/ui/cards.svg 200 OK (104ms)
[wrangler:info] GET /assets/icons/ui/streamsuitesicon.svg 200 OK (113ms)
[wrangler:info] GET /assets/icons/ui/clipboard.svg 200 OK (110ms)
[wrangler:info] GET /assets/icons/ui/tickyes.svg 200 OK (113ms)
[wrangler:info] GET /assets/icons/ui/send.svg 200 OK (115ms)
[wrangler:info] GET /assets/fonts/Tektur-VariableFont_wdth,wght.ttf 200 OK (93ms)
[wrangler:info] GET /assets/fonts/mono/IBMPlexMono-Regular.ttf 200 OK (65ms)
[wrangler:info] GET /assets/fonts/body/Blinker-Black.ttf 200 OK (60ms)
[wrangler:info] GET /assets/fonts/body/Blinker-SemiBold.ttf 200 OK (57ms)
[wrangler:info] GET /data/clips.json 200 OK (57ms)
[wrangler:info] GET /data/polls.json 200 OK (59ms)
[wrangler:info] GET /shared/state/wheels.json 200 OK (85ms)
[wrangler:info] GET /data/tallies.json 200 OK (93ms)
[wrangler:info] GET /shared/state/public_identities.json 200 OK (92ms)
[wrangler:info] GET /shared/state/public_artifacts.json 200 OK (98ms)
[wrangler:info] GET /data/notices.json 200 OK (93ms)
[wrangler:info] GET /data/meta.json 200 OK (47ms)
[wrangler:info] GET /shared/state/live_status.json 200 OK (43ms)
[wrangler:info] GET /shared/state/rumble_live_discovery.json 200 OK (39ms)
[wrangler:info] GET /assets/icons/tierbadge-admin.svg 200 OK (43ms)
[wrangler:info] GET /assets/icons/rumble.svg 200 OK (40ms)
[wrangler:info] GET /assets/icons/founder-gold.svg 200 OK (43ms)
[wrangler:info] GET /assets/icons/modgavel-blue.svg 200 OK (43ms)
[wrangler:info] GET /assets/icons/tierbadge-pro.svg 200 OK (52ms)
[wrangler:info] GET /assets/icons/ui/visible.svg 304 Not Modified (52ms)
[wrangler:info] GET /assets/icons/ui/findmehereicon.svg 200 OK (14ms)
[wrangler:info] GET /assets/icons/ui/shieldtick.svg 200 OK (19ms)
[wrangler:info] GET /assets/icons/youtube.svg 200 OK (24ms)
[wrangler:info] GET /assets/icons/twitch.svg 200 OK (30ms)
[wrangler:info] GET /assets/icons/kick.svg 200 OK (34ms)
[wrangler:info] GET /assets/icons/pilled.svg 200 OK (29ms)
[wrangler:info] GET /assets/icons/discord.svg 200 OK (32ms)
[wrangler:info] GET /assets/icons/x.svg 200 OK (33ms)
[wrangler:info] GET /assets/icons/website.svg 200 OK (37ms)
[wrangler:info] GET /assets/icons/link.svg 200 OK (38ms)
[wrangler:info] GET /assets/icons/ui/hidden.svg 200 OK (42ms)
[wrangler:info] GET /js/public-page-visit.js 200 OK (41ms)
[wrangler:info] GET /js/status-data.js 200 OK (43ms)
[wrangler:info] GET /assets/games/xpstar.webp 200 OK (43ms)
[wrangler:info] GET /assets/games/03-bronze.webp 200 OK (56ms)
[wrangler:info] GET /assets/games/sscoin-3.webp 200 OK (59ms)
[wrangler:info] GET /assets/games/ssbanknotes-3.webp 200 OK (66ms)
[wrangler:info] GET /assets/games/ssdiamond-3.webp 200 OK (70ms)
[wrangler:info] GET /api/public/community/members 200 OK (2397ms)
[wrangler:info] GET /assets/games/potion.webp 200 OK (15ms)
[wrangler:info] GET /assets/games/crate-default.webp 200 OK (25ms)
[wrangler:info] GET /assets/games/crate-mystery.webp 200 OK (28ms)
[wrangler:info] GET /assets/games/material-brick.webp 200 OK (42ms)
[wrangler:info] GET /assets/games/material-fabric.webp 200 OK (18ms)
[wrangler:info] GET /assets/games/sscurrency.webp 200 OK (10ms)
[wrangler:info] GET /assets/games/icon-inventory-2.webp 200 OK (15ms)
[wrangler:info] GET /favicon.ico 200 OK (12ms)
[wrangler:info] POST /api/public/analytics/page-visit 403 Forbidden (377ms)
[wrangler:info] GET /assets/fonts/mono/IBMPlexMono-Medium.ttf 200 OK (12ms)
[wrangler:info] GET /assets/fonts/Geist-SemiBold.ttf 200 OK (30ms)
[wrangler:info] GET /u/bsmediagroup 200 OK (1775ms)
[wrangler:info] GET /css/base.css 200 OK (10ms)
[wrangler:info] GET /css/theme-dark.css 200 OK (13ms)
[wrangler:info] GET /css/public-shell.css 200 OK (18ms)
[wrangler:info] GET /css/public-profile.css 200 OK (43ms)
[wrangler:info] GET /assets/css/ss-profile-hovercard.css 200 OK (42ms)
[wrangler:info] GET /css/status-widget.css 200 OK (45ms)
[wrangler:info] GET /css/public-fonts.css 200 OK (32ms)
[wrangler:info] GET /css/feature-edges.css 200 OK (34ms)
[wrangler:info] GET /assets/logos/wmnew.webp 200 OK (32ms)
[wrangler:info] GET /assets/logos/ssmainlogosq.webp 200 OK (55ms)
[wrangler:info] GET /js/utils/versioning.js 200 OK (43ms)
[wrangler:info] GET /js/public-badge-ui.js 200 OK (52ms)
[wrangler:info] GET /js/public-data-hub.js 200 OK (53ms)
[wrangler:info] GET /js/public-pages-app.js 200 OK (58ms)
[wrangler:info] GET /assets/fonts/body/Blinker-Bold.ttf 200 OK (44ms)
[wrangler:info] GET /assets/fonts/body/Blinker-Regular.ttf 200 OK (48ms)
[wrangler:info] GET /assets/fonts/mono/IBMPlexMono-Bold.ttf 200 OK (61ms)
[wrangler:info] GET /assets/fonts/mono/IBMPlexMono-SemiBold.ttf 200 OK (63ms)
[wrangler:info] GET /assets/js/ss-profile-hovercard.js 200 OK (62ms)
[wrangler:info] GET /js/utils/version-stamp.js 200 OK (45ms)
[wrangler:info] GET /js/status-widget.js 200 OK (53ms)
[wrangler:info] GET /assets/icons/ui/streamsuites-filled.svg 200 OK (24ms)
[wrangler:info] GET /assets/icons/ui/profile.svg 200 OK (22ms)
[wrangler:info] GET /assets/placeholders/defaultprofilecover.webp 200 OK (34ms)
[wrangler:info] GET /assets/games/currencyunit.svg 200 OK (38ms)
[wrangler:info] GET /assets/icons/ui/profilecard.svg 200 OK (44ms)
[wrangler:info] GET /assets/fonts/Tektur-VariableFont_wdth,wght.ttf 200 OK (35ms)
[wrangler:info] GET /assets/fonts/mono/IBMPlexMono-Regular.ttf 200 OK (36ms)
[wrangler:info] GET /assets/fonts/body/Blinker-Black.ttf 200 OK (55ms)
[wrangler:info] GET /assets/fonts/body/Blinker-SemiBold.ttf 200 OK (46ms)
[wrangler:info] GET /data/clips.json 200 OK (53ms)
[wrangler:info] GET /data/polls.json 200 OK (43ms)
[wrangler:info] GET /shared/state/wheels.json 200 OK (41ms)
[wrangler:info] GET /data/tallies.json 200 OK (48ms)
[wrangler:info] GET /shared/state/public_identities.json 200 OK (47ms)
[wrangler:info] GET /shared/state/public_artifacts.json 200 OK (49ms)
[wrangler:info] GET /data/notices.json 200 OK (46ms)
[wrangler:info] GET /data/meta.json 200 OK (45ms)
[wrangler:info] GET /shared/state/live_status.json 200 OK (46ms)
[wrangler:info] GET /shared/state/rumble_live_discovery.json 200 OK (49ms)
[wrangler:info] GET /assets/icons/rumble.svg 200 OK (51ms)
[wrangler:info] GET /assets/icons/tierbadge-admin.svg 200 OK (53ms)
[wrangler:info] GET /assets/icons/founder-gold.svg 200 OK (48ms)
[wrangler:info] GET /assets/icons/modgavel-blue.svg 200 OK (39ms)
[wrangler:info] GET /assets/icons/tierbadge-pro.svg 200 OK (38ms)
[wrangler:info] GET /assets/icons/ui/visible.svg 200 OK (38ms)
[wrangler:info] GET /assets/logos/ssmotfinew.webp 200 OK (15ms)
[wrangler:info] GET /assets/icons/ui/idcardfilled.svg 200 OK (21ms)
[wrangler:info] GET /assets/icons/ui/visible.svg 200 OK (29ms)
[wrangler:info] GET /assets/icons/ui/clipcards.svg 200 OK (34ms)
[wrangler:info] GET /assets/icons/ui/cards.svg 200 OK (38ms)
[wrangler:info] GET /assets/icons/ui/streamsuitesicon.svg 200 OK (32ms)
[wrangler:info] GET /assets/icons/ui/clipboard.svg 200 OK (37ms)
[wrangler:info] GET /assets/icons/ui/tickyes.svg 200 OK (37ms)
[wrangler:info] GET /assets/icons/ui/send.svg 200 OK (38ms)
[wrangler:info] GET /assets/icons/ui/findmehereicon.svg 200 OK (37ms)
[wrangler:info] GET /assets/icons/ui/shieldtick.svg 200 OK (34ms)
[wrangler:info] GET /assets/icons/youtube.svg 200 OK (33ms)
[wrangler:info] GET /assets/icons/twitch.svg 200 OK (32ms)
[wrangler:info] GET /assets/icons/kick.svg 200 OK (31ms)
[wrangler:info] GET /assets/icons/pilled.svg 200 OK (31ms)
[wrangler:info] GET /assets/icons/discord.svg 200 OK (31ms)
[wrangler:info] GET /assets/icons/x.svg 200 OK (32ms)
[wrangler:info] GET /assets/icons/website.svg 200 OK (20ms)
[wrangler:info] GET /assets/icons/link.svg 200 OK (16ms)
[wrangler:info] GET /assets/icons/ui/hidden.svg 200 OK (9ms)
[wrangler:info] GET /js/public-page-visit.js 200 OK (11ms)
[wrangler:info] GET /js/status-data.js 200 OK (12ms)
[wrangler:info] GET /assets/games/xpstar.webp 200 OK (15ms)
[wrangler:info] GET /assets/games/03-bronze.webp 200 OK (15ms)
[wrangler:info] GET /api/public/community/members 200 OK (2382ms)
[wrangler:info] GET /assets/games/sscoin-3.webp 200 OK (21ms)
[wrangler:info] GET /assets/games/ssbanknotes-3.webp 200 OK (22ms)
[wrangler:info] GET /assets/games/ssdiamond-3.webp 200 OK (33ms)
[wrangler:info] GET /assets/games/potion.webp 200 OK (40ms)
[wrangler:info] GET /assets/games/crate-default.webp 200 OK (52ms)
[wrangler:info] GET /assets/fonts/mono/IBMPlexMono-Medium.ttf 200 OK (19ms)
[wrangler:info] GET /assets/fonts/Geist-SemiBold.ttf 200 OK (22ms)
[wrangler:info] GET /assets/games/crate-mystery.webp 200 OK (23ms)
[wrangler:info] GET /assets/games/material-brick.webp 200 OK (30ms)
[wrangler:info] GET /assets/games/material-fabric.webp 200 OK (34ms)
[wrangler:info] GET /assets/games/sscurrency.webp 200 OK (41ms)
[wrangler:info] GET /assets/games/icon-inventory-2.webp 200 OK (18ms)
[wrangler:info] POST /api/public/analytics/page-visit 403 Forbidden (388ms)
[wrangler:info] GET /assets/games/00-stone.webp 200 OK (12ms)
[wrangler:info] GET /assets/icons/ui/editcon.svg 200 OK (19ms)
[wrangler:info] GET /assets/icons/vimeo.svg 200 OK (27ms)
[wrangler:info] GET /assets/icons/instagram.svg 200 OK (27ms)
[wrangler:info] GET /assets/icons/ui/close.svg 200 OK (32ms)
[wrangler:info] GET /assets/icons/ui/addlink.svg 200 OK (50ms)
[wrangler:info] GET /assets/icons/ui/formatpaint.svg 200 OK (39ms)
[wrangler:info] GET /assets/fonts/body/Blinker-ExtraBold.ttf 200 OK (57ms)
[wrangler:info] GET /assets/icons/tiktok.svg 200 OK (24ms)
[wrangler:info] GET /assets/icons/facebook.svg 200 OK (32ms)
[wrangler:info] GET /assets/icons/threads.svg 200 OK (16ms)
[wrangler:info] GET /assets/icons/reddit.svg 200 OK (18ms)
[wrangler:info] GET /assets/icons/telegram.svg 200 OK (19ms)
[wrangler:info] GET /assets/icons/whatsapp.svg 200 OK (22ms)
[wrangler:info] GET /assets/icons/patreon.svg 200 OK (21ms)
[wrangler:info] GET /assets/icons/pickax.svg 200 OK (19ms)
[wrangler:info] GET /assets/icons/onlyfans.svg 200 OK (17ms)
[wrangler:info] GET /assets/icons/substack.svg 200 OK (22ms)
[wrangler:info] GET /assets/icons/soundcloud.svg 200 OK (28ms)
[wrangler:info] GET /assets/icons/applepodcasts.svg 200 OK (34ms)
[wrangler:info] GET /assets/icons/bluesky.svg 200 OK (38ms)
[wrangler:info] GET /assets/icons/locals.svg 200 OK (37ms)
[wrangler:info] GET /assets/icons/spotify.svg 200 OK (39ms)
[wrangler:info] GET /assets/icons/dailymotion.svg 200 OK (43ms)
[wrangler:info] GET /assets/icons/odysee.svg 200 OK (49ms)
[wrangler:info] GET /assets/icons/trovo.svg 200 OK (51ms)
[wrangler:info] GET /assets/icons/snapchat.svg 200 OK (58ms)
[wrangler:info] GET /assets/icons/pinterest.svg 200 OK (58ms)
[wrangler:info] GET /assets/icons/kofi.svg 200 OK (56ms)
[wrangler:info] GET /assets/icons/github.svg 200 OK (55ms)
[wrangler:info] GET /assets/icons/minds.svg 200 OK (54ms)
[wrangler:info] GET /assets/icons/ui/portal.svg 200 OK (49ms)
[wrangler:info] GET /assets/icons/ui/profile.svg 200 OK (18ms)
[wrangler:info] GET /u/bsmediagroup 200 OK (1737ms)
[wrangler:info] GET /css/base.css 200 OK (12ms)
[wrangler:info] GET /css/theme-dark.css 200 OK (18ms)
[wrangler:info] GET /css/public-shell.css 200 OK (27ms)
[wrangler:info] GET /css/public-profile.css 200 OK (37ms)
[wrangler:info] GET /css/status-widget.css 200 OK (52ms)
[wrangler:info] GET /assets/css/ss-profile-hovercard.css 200 OK (55ms)
[wrangler:info] GET /css/public-fonts.css 200 OK (33ms)
[wrangler:info] GET /css/feature-edges.css 200 OK (43ms)
[wrangler:info] GET /assets/logos/wmnew.webp 200 OK (46ms)
[wrangler:info] GET /js/public-badge-ui.js 200 OK (63ms)
[wrangler:info] GET /js/public-data-hub.js 200 OK (66ms)
[wrangler:info] GET /assets/logos/ssmainlogosq.webp 200 OK (52ms)
[wrangler:info] GET /js/utils/versioning.js 200 OK (60ms)
[wrangler:info] GET /assets/fonts/body/Blinker-Bold.ttf 200 OK (82ms)
[wrangler:info] GET /js/public-pages-app.js 200 OK (71ms)
[wrangler:info] GET /assets/fonts/mono/IBMPlexMono-Bold.ttf 200 OK (83ms)
[wrangler:info] GET /assets/fonts/mono/IBMPlexMono-SemiBold.ttf 200 OK (89ms)
[wrangler:info] GET /assets/fonts/body/Blinker-Regular.ttf 200 OK (93ms)
[wrangler:info] GET /assets/js/ss-profile-hovercard.js 200 OK (81ms)
[wrangler:info] GET /js/utils/version-stamp.js 200 OK (86ms)
[wrangler:info] GET /js/status-widget.js 200 OK (90ms)
[wrangler:info] GET /assets/icons/ui/streamsuites-filled.svg 200 OK (13ms)
[wrangler:info] GET /assets/icons/ui/profile.svg 200 OK (27ms)
[wrangler:info] GET /assets/fonts/Tektur-VariableFont_wdth,wght.ttf 200 OK (29ms)
[wrangler:info] GET /assets/placeholders/defaultprofilecover.webp 200 OK (37ms)
[wrangler:info] GET /assets/games/currencyunit.svg 200 OK (44ms)
[wrangler:info] GET /assets/icons/ui/profilecard.svg 200 OK (52ms)
[wrangler:info] GET /assets/fonts/mono/IBMPlexMono-Regular.ttf 200 OK (59ms)
[wrangler:info] GET /assets/fonts/body/Blinker-Black.ttf 200 OK (57ms)
[wrangler:info] GET /assets/fonts/body/Blinker-SemiBold.ttf 200 OK (72ms)
[wrangler:info] GET /data/clips.json 200 OK (72ms)
[wrangler:info] GET /data/polls.json 200 OK (73ms)
[wrangler:info] GET /shared/state/wheels.json 200 OK (73ms)
[wrangler:info] GET /data/tallies.json 200 OK (87ms)
[wrangler:info] GET /shared/state/public_identities.json 200 OK (73ms)
[wrangler:info] GET /shared/state/public_artifacts.json 200 OK (71ms)
[wrangler:info] GET /data/notices.json 200 OK (69ms)
[wrangler:info] GET /data/meta.json 200 OK (52ms)
[wrangler:info] GET /shared/state/live_status.json 200 OK (57ms)
[wrangler:info] GET /shared/state/rumble_live_discovery.json 200 OK (31ms)
[wrangler:info] GET /assets/icons/rumble.svg 200 OK (35ms)
[wrangler:info] GET /assets/icons/tierbadge-admin.svg 200 OK (35ms)
[wrangler:info] GET /assets/icons/founder-gold.svg 200 OK (36ms)
[wrangler:info] GET /assets/icons/modgavel-blue.svg 200 OK (38ms)
[wrangler:info] GET /assets/icons/tierbadge-pro.svg 200 OK (42ms)
[wrangler:info] GET /assets/icons/ui/visible.svg 200 OK (43ms)
[wrangler:info] GET /assets/logos/ssmotfinew.webp 200 OK (11ms)
[wrangler:info] GET /assets/icons/ui/idcardfilled.svg 200 OK (19ms)
[wrangler:info] GET /assets/icons/ui/visible.svg 200 OK (21ms)
[wrangler:info] GET /assets/icons/ui/clipcards.svg 200 OK (29ms)
[wrangler:info] GET /assets/icons/ui/cards.svg 200 OK (36ms)
[wrangler:info] GET /assets/icons/ui/streamsuitesicon.svg 200 OK (28ms)
[wrangler:info] GET /assets/icons/ui/clipboard.svg 200 OK (34ms)
[wrangler:info] GET /assets/icons/ui/tickyes.svg 200 OK (30ms)
[wrangler:info] GET /assets/icons/ui/send.svg 200 OK (32ms)
[wrangler:info] GET /assets/icons/ui/findmehereicon.svg 200 OK (30ms)
[wrangler:info] GET /assets/icons/ui/shieldtick.svg 200 OK (36ms)
[wrangler:info] GET /assets/icons/youtube.svg 200 OK (40ms)
[wrangler:info] GET /assets/icons/twitch.svg 200 OK (40ms)
[wrangler:info] GET /assets/icons/kick.svg 200 OK (41ms)
[wrangler:info] GET /assets/icons/pilled.svg 200 OK (39ms)
[wrangler:info] GET /assets/icons/discord.svg 200 OK (39ms)
[wrangler:info] GET /assets/icons/x.svg 200 OK (34ms)
[wrangler:info] GET /assets/icons/website.svg 200 OK (33ms)
[wrangler:info] GET /assets/icons/link.svg 200 OK (33ms)
[wrangler:info] GET /assets/icons/ui/hidden.svg 200 OK (38ms)
[wrangler:info] GET /js/public-page-visit.js 200 OK (33ms)
[wrangler:info] GET /js/status-data.js 200 OK (34ms)
[wrangler:info] GET /assets/games/xpstar.webp 200 OK (36ms)
[wrangler:info] GET /assets/games/03-bronze.webp 200 OK (38ms)
[wrangler:info] GET /assets/games/sscoin-3.webp 200 OK (39ms)
[wrangler:info] GET /assets/games/ssbanknotes-3.webp 200 OK (46ms)
[wrangler:info] GET /assets/games/ssdiamond-3.webp 200 OK (47ms)
[wrangler:info] GET /assets/games/potion.webp 200 OK (10ms)
[wrangler:info] GET /assets/games/crate-default.webp 200 OK (21ms)
[wrangler:info] GET /assets/games/crate-mystery.webp 200 OK (39ms)
[wrangler:info] GET /api/public/community/members 200 OK (2550ms)
[wrangler:info] GET /assets/games/material-brick.webp 200 OK (33ms)
[wrangler:info] GET /assets/games/material-fabric.webp 200 OK (49ms)
[wrangler:info] GET /assets/games/sscurrency.webp 200 OK (56ms)
[wrangler:info] GET /assets/fonts/mono/IBMPlexMono-Medium.ttf 200 OK (46ms)
[wrangler:info] GET /assets/fonts/Geist-SemiBold.ttf 200 OK (24ms)
[wrangler:info] GET /assets/games/icon-inventory-2.webp 200 OK (38ms)
[wrangler:info] POST /api/public/analytics/page-visit 403 Forbidden (390ms)
[wrangler:info] GET /assets/games/00-stone.webp 200 OK (11ms)
[wrangler:info] GET /assets/icons/ui/editcon.svg 200 OK (19ms)
[wrangler:info] GET /u/bsmediagroup 200 OK (1794ms)
[wrangler:info] GET /css/base.css 200 OK (10ms)
[wrangler:info] GET /css/theme-dark.css 200 OK (12ms)
[wrangler:info] GET /css/public-shell.css 200 OK (17ms)
[wrangler:info] GET /css/public-profile.css 200 OK (36ms)
[wrangler:info] GET /css/status-widget.css 200 OK (35ms)
[wrangler:info] GET /assets/css/ss-profile-hovercard.css 200 OK (37ms)
[wrangler:info] GET /css/public-fonts.css 200 OK (35ms)
[wrangler:info] GET /css/feature-edges.css 200 OK (35ms)
[wrangler:info] GET /assets/logos/wmnew.webp 200 OK (41ms)
[wrangler:info] GET /assets/logos/ssmainlogosq.webp 200 OK (48ms)
[wrangler:info] GET /js/utils/versioning.js 200 OK (54ms)
[wrangler:info] GET /js/public-badge-ui.js 200 OK (62ms)
[wrangler:info] GET /js/public-data-hub.js 200 OK (68ms)
[wrangler:info] GET /assets/fonts/body/Blinker-Bold.ttf 200 OK (71ms)
[wrangler:info] GET /js/public-pages-app.js 200 OK (143ms)
[wrangler:info] GET /assets/fonts/body/Blinker-Regular.ttf 200 OK (101ms)
[wrangler:info] GET /assets/fonts/mono/IBMPlexMono-Bold.ttf 200 OK (107ms)
[wrangler:info] GET /assets/fonts/mono/IBMPlexMono-SemiBold.ttf 200 OK (104ms)
[wrangler:info] GET /assets/js/ss-profile-hovercard.js 200 OK (66ms)
[wrangler:info] GET /js/utils/version-stamp.js 200 OK (58ms)
[wrangler:info] GET /js/status-widget.js 200 OK (64ms)
[wrangler:info] GET /assets/icons/ui/streamsuites-filled.svg 200 OK (25ms)
[wrangler:info] GET /assets/icons/ui/profile.svg 200 OK (24ms)
[wrangler:info] GET /assets/placeholders/defaultprofilecover.webp 200 OK (36ms)
[wrangler:info] GET /assets/games/currencyunit.svg 200 OK (41ms)
[wrangler:info] GET /assets/icons/ui/profilecard.svg 200 OK (47ms)
[wrangler:info] GET /assets/fonts/Tektur-VariableFont_wdth,wght.ttf 200 OK (50ms)
[wrangler:info] GET /assets/fonts/mono/IBMPlexMono-Regular.ttf 200 OK (46ms)
[wrangler:info] GET /assets/fonts/body/Blinker-Black.ttf 200 OK (50ms)
[wrangler:info] GET /assets/fonts/body/Blinker-SemiBold.ttf 200 OK (61ms)
[wrangler:info] GET /data/clips.json 200 OK (67ms)
[wrangler:info] GET /data/polls.json 200 OK (62ms)
[wrangler:info] GET /shared/state/wheels.json 200 OK (67ms)
[wrangler:info] GET /data/tallies.json 200 OK (68ms)
[wrangler:info] GET /shared/state/public_identities.json 200 OK (70ms)
[wrangler:info] GET /shared/state/public_artifacts.json 200 OK (62ms)
[wrangler:info] GET /data/notices.json 200 OK (61ms)
[wrangler:info] GET /data/meta.json 200 OK (61ms)
[wrangler:info] GET /shared/state/live_status.json 200 OK (62ms)
[wrangler:info] GET /shared/state/rumble_live_discovery.json 200 OK (41ms)
[wrangler:info] GET /assets/icons/rumble.svg 200 OK (39ms)
[wrangler:info] GET /assets/icons/tierbadge-admin.svg 200 OK (37ms)
[wrangler:info] GET /assets/icons/founder-gold.svg 200 OK (40ms)
[wrangler:info] GET /assets/icons/modgavel-blue.svg 200 OK (42ms)
[wrangler:info] GET /assets/icons/tierbadge-pro.svg 200 OK (50ms)
[wrangler:info] GET /assets/icons/ui/visible.svg 200 OK (48ms)
[wrangler:info] GET /assets/logos/ssmotfinew.webp 200 OK (13ms)
[wrangler:info] GET /assets/icons/ui/idcardfilled.svg 200 OK (17ms)
[wrangler:info] GET /assets/icons/ui/visible.svg 200 OK (8ms)
[wrangler:info] GET /assets/icons/ui/clipcards.svg 200 OK (13ms)
[wrangler:info] GET /assets/icons/ui/cards.svg 200 OK (13ms)
[wrangler:info] GET /assets/icons/ui/streamsuitesicon.svg 200 OK (13ms)
[wrangler:info] GET /assets/icons/ui/clipboard.svg 200 OK (12ms)
[wrangler:info] GET /assets/icons/ui/tickyes.svg 200 OK (11ms)
[wrangler:info] GET /assets/icons/ui/send.svg 200 OK (12ms)
[wrangler:info] GET /assets/icons/ui/findmehereicon.svg 200 OK (15ms)
[wrangler:info] GET /assets/icons/ui/shieldtick.svg 200 OK (15ms)
[wrangler:info] GET /assets/icons/youtube.svg 200 OK (14ms)
[wrangler:info] GET /assets/icons/twitch.svg 200 OK (12ms)
[wrangler:info] GET /assets/icons/kick.svg 200 OK (12ms)
[wrangler:info] GET /assets/icons/pilled.svg 200 OK (12ms)
[wrangler:info] GET /assets/icons/discord.svg 200 OK (14ms)
[wrangler:info] GET /assets/icons/x.svg 200 OK (15ms)
[wrangler:info] GET /assets/icons/website.svg 200 OK (13ms)
[wrangler:info] GET /assets/icons/link.svg 200 OK (13ms)
[wrangler:info] GET /assets/icons/ui/hidden.svg 200 OK (11ms)
[wrangler:info] GET /js/public-page-visit.js 200 OK (10ms)
[wrangler:info] GET /js/status-data.js 200 OK (11ms)
[wrangler:info] GET /assets/fonts/mono/IBMPlexMono-Medium.ttf 200 OK (12ms)
[wrangler:info] GET /assets/fonts/Geist-SemiBold.ttf 200 OK (19ms)
[wrangler:info] POST /api/public/analytics/page-visit 403 Forbidden (691ms)
[wrangler:info] GET /assets/games/xpstar.webp 200 OK (21ms)
[wrangler:info] GET /assets/games/03-bronze.webp 200 OK (18ms)
[wrangler:info] GET /assets/games/sscoin-3.webp 200 OK (25ms)
[wrangler:info] GET /assets/games/ssbanknotes-3.webp 200 OK (35ms)
[wrangler:info] GET /assets/games/ssdiamond-3.webp 200 OK (44ms)
[wrangler:info] GET /assets/games/potion.webp 200 OK (18ms)
[wrangler:info] GET /assets/games/crate-default.webp 200 OK (22ms)
[wrangler:info] GET /assets/games/crate-mystery.webp 200 OK (25ms)
[wrangler:info] GET /assets/games/material-brick.webp 200 OK (31ms)
[wrangler:info] GET /assets/games/material-fabric.webp 200 OK (34ms)
[wrangler:info] GET /assets/games/sscurrency.webp 200 OK (41ms)
[wrangler:info] GET /assets/games/icon-inventory-2.webp 200 OK (23ms)
[wrangler:info] GET /api/public/community/members 200 OK (2543ms)
[wrangler:info] GET /assets/games/00-stone.webp 200 OK (12ms)
[wrangler:info] GET /assets/icons/ui/editcon.svg 200 OK (20ms)
[wrangler:info] GET /u/bsmediagroup 200 OK (1884ms)
[wrangler:info] GET /css/base.css 200 OK (12ms)
[wrangler:info] GET /css/public-shell.css 200 OK (21ms)
[wrangler:info] GET /css/theme-dark.css 200 OK (16ms)
[wrangler:info] GET /css/status-widget.css 200 OK (41ms)
[wrangler:info] GET /css/public-profile.css 200 OK (36ms)
[wrangler:info] GET /assets/css/ss-profile-hovercard.css 200 OK (44ms)
[wrangler:info] GET /css/feature-edges.css 200 OK (27ms)
[wrangler:info] GET /css/public-fonts.css 200 OK (38ms)
[wrangler:info] GET /js/public-pages-app.js 200 OK (61ms)
[wrangler:info] GET /assets/logos/wmnew.webp 200 OK (36ms)
[wrangler:info] GET /assets/logos/ssmainlogosq.webp 200 OK (49ms)
[wrangler:info] GET /js/public-data-hub.js 200 OK (66ms)
[wrangler:info] GET /js/utils/versioning.js 200 OK (63ms)
[wrangler:info] GET /js/public-badge-ui.js 200 OK (65ms)
[wrangler:info] GET /assets/fonts/body/Blinker-Bold.ttf 200 OK (61ms)
[wrangler:info] GET /assets/fonts/body/Blinker-Regular.ttf 200 OK (55ms)
[wrangler:info] GET /assets/fonts/mono/IBMPlexMono-Bold.ttf 200 OK (60ms)
[wrangler:info] GET /assets/fonts/mono/IBMPlexMono-SemiBold.ttf 200 OK (62ms)
[wrangler:info] GET /assets/js/ss-profile-hovercard.js 200 OK (59ms)
[wrangler:info] GET /js/status-widget.js 200 OK (76ms)
[wrangler:info] GET /js/utils/version-stamp.js 200 OK (74ms)
[wrangler:info] GET /assets/icons/ui/streamsuites-filled.svg 200 OK (30ms)
[wrangler:info] GET /assets/icons/ui/profile.svg 200 OK (38ms)
[wrangler:info] GET /assets/placeholders/defaultprofilecover.webp 200 OK (48ms)
[wrangler:info] GET /assets/games/currencyunit.svg 200 OK (58ms)
[wrangler:info] GET /assets/icons/ui/profilecard.svg 200 OK (32ms)
[wrangler:info] GET /assets/fonts/Tektur-VariableFont_wdth,wght.ttf 200 OK (38ms)
[wrangler:info] GET /assets/fonts/mono/IBMPlexMono-Regular.ttf 200 OK (42ms)
[wrangler:info] GET /assets/fonts/body/Blinker-Black.ttf 200 OK (50ms)
[wrangler:info] GET /assets/fonts/body/Blinker-SemiBold.ttf 200 OK (54ms)
[wrangler:info] GET /data/clips.json 200 OK (64ms)
[wrangler:info] GET /shared/state/wheels.json 200 OK (48ms)
[wrangler:info] GET /shared/state/public_identities.json 200 OK (42ms)
[wrangler:info] GET /shared/state/public_artifacts.json 200 OK (43ms)
[wrangler:info] GET /data/notices.json 200 OK (41ms)
[wrangler:info] GET /data/meta.json 200 OK (28ms)
[wrangler:info] GET /shared/state/live_status.json 200 OK (33ms)
[wrangler:info] GET /shared/state/rumble_live_discovery.json 200 OK (36ms)
[wrangler:info] GET /assets/icons/rumble.svg 200 OK (42ms)
[wrangler:info] GET /assets/icons/tierbadge-admin.svg 200 OK (43ms)
[wrangler:info] GET /assets/icons/founder-gold.svg 200 OK (44ms)
[wrangler:info] GET /assets/icons/modgavel-blue.svg 200 OK (41ms)
[wrangler:info] GET /assets/icons/tierbadge-pro.svg 200 OK (46ms)
[wrangler:info] GET /assets/icons/ui/visible.svg 200 OK (49ms)
[wrangler:info] GET /assets/logos/ssmotfinew.webp 200 OK (16ms)
[wrangler:info] GET /assets/icons/ui/idcardfilled.svg 200 OK (20ms)
[wrangler:info] GET /assets/icons/ui/visible.svg 200 OK (12ms)
[wrangler:info] GET /assets/icons/ui/clipcards.svg 200 OK (20ms)
[wrangler:info] GET /assets/icons/ui/cards.svg 200 OK (16ms)
[wrangler:info] GET /assets/icons/ui/streamsuitesicon.svg 200 OK (18ms)
[wrangler:info] GET /assets/icons/ui/clipboard.svg 200 OK (12ms)
[wrangler:info] GET /assets/icons/ui/tickyes.svg 200 OK (9ms)
[wrangler:info] GET /assets/icons/ui/send.svg 200 OK (11ms)
[wrangler:info] GET /assets/icons/ui/findmehereicon.svg 200 OK (10ms)
[wrangler:info] GET /assets/icons/ui/shieldtick.svg 200 OK (9ms)
[wrangler:info] GET /assets/icons/youtube.svg 200 OK (10ms)
[wrangler:info] GET /assets/icons/twitch.svg 200 OK (10ms)
[wrangler:info] GET /assets/icons/kick.svg 200 OK (11ms)
[wrangler:info] GET /assets/icons/pilled.svg 200 OK (11ms)
[wrangler:info] GET /assets/icons/discord.svg 200 OK (14ms)
[wrangler:info] GET /assets/icons/x.svg 200 OK (16ms)
[wrangler:info] GET /assets/icons/website.svg 200 OK (14ms)
[wrangler:info] GET /assets/icons/link.svg 200 OK (11ms)
[wrangler:info] GET /assets/icons/ui/hidden.svg 200 OK (11ms)
[wrangler:info] GET /js/public-page-visit.js 200 OK (10ms)
[wrangler:info] GET /js/status-data.js 200 OK (9ms)
[wrangler:info] GET /assets/fonts/mono/IBMPlexMono-Medium.ttf 200 OK (12ms)
[wrangler:info] GET /assets/fonts/Geist-SemiBold.ttf 200 OK (23ms)
[wrangler:info] POST /api/public/analytics/page-visit 403 Forbidden (714ms)
[wrangler:info] GET /assets/games/xpstar.webp 200 OK (12ms)
[wrangler:info] GET /assets/games/03-bronze.webp 200 OK (18ms)
[wrangler:info] GET /assets/games/sscoin-3.webp 200 OK (26ms)
[wrangler:info] GET /assets/games/ssbanknotes-3.webp 200 OK (33ms)
[wrangler:info] GET /assets/games/ssdiamond-3.webp 200 OK (44ms)
[wrangler:info] GET /assets/games/potion.webp 200 OK (82ms)
[wrangler:info] GET /assets/games/crate-default.webp 200 OK (46ms)
[wrangler:info] GET /assets/games/crate-mystery.webp 200 OK (41ms)
[wrangler:info] GET /assets/games/material-brick.webp 200 OK (33ms)
[wrangler:info] GET /assets/games/material-fabric.webp 200 OK (42ms)
[wrangler:info] GET /assets/games/sscurrency.webp 200 OK (44ms)
[wrangler:info] GET /assets/games/icon-inventory-2.webp 200 OK (24ms)
[wrangler:info] GET /api/public/community/members 200 OK (2768ms)
[wrangler:info] GET /assets/games/00-stone.webp 200 OK (11ms)
[wrangler:info] GET /assets/icons/ui/editcon.svg 200 OK (17ms)
[wrangler:info] GET /assets/icons/ui/globe.svg 200 OK (17ms)
[wrangler:info] GET /assets/fonts/body/Blinker-ExtraBold.ttf 200 OK (22ms)
[wrangler:info] GET /assets/backgrounds/lvlbanner-bronze.webp 200 OK (33ms)
[wrangler:info] GET /assets/icons/ui/piechart.svg 200 OK (23ms)
[wrangler:info] GET /assets/icons/ui/barchart.svg 200 OK (33ms)
[wrangler:info] GET /assets/placeholders/wheelcenterdefault.webp 200 OK (39ms)
[wrangler:info] GET /u/bsmediagroup 200 OK (1741ms)
[wrangler:info] GET /css/base.css 200 OK (9ms)
[wrangler:info] GET /css/theme-dark.css 200 OK (16ms)
[wrangler:info] GET /css/public-shell.css 200 OK (18ms)
[wrangler:info] GET /css/public-profile.css 200 OK (27ms)
[wrangler:info] GET /css/status-widget.css 200 OK (42ms)
[wrangler:info] GET /assets/css/ss-profile-hovercard.css 200 OK (46ms)
[wrangler:info] GET /css/public-fonts.css 200 OK (35ms)
[wrangler:info] GET /css/feature-edges.css 200 OK (36ms)
[wrangler:info] GET /assets/logos/wmnew.webp 200 OK (38ms)
[wrangler:info] GET /assets/logos/ssmainlogosq.webp 200 OK (41ms)
[wrangler:info] GET /js/utils/versioning.js 200 OK (51ms)
[wrangler:info] GET /js/public-badge-ui.js 200 OK (56ms)
[wrangler:info] GET /js/public-data-hub.js 200 OK (59ms)
[wrangler:info] GET /js/public-pages-app.js 200 OK (72ms)
[wrangler:info] GET /assets/fonts/body/Blinker-Bold.ttf 200 OK (87ms)
[wrangler:info] GET /assets/fonts/mono/IBMPlexMono-Bold.ttf 200 OK (106ms)
[wrangler:info] GET /assets/fonts/mono/IBMPlexMono-SemiBold.ttf 200 OK (111ms)
[wrangler:info] GET /assets/fonts/body/Blinker-Regular.ttf 200 OK (93ms)
[wrangler:info] GET /assets/js/ss-profile-hovercard.js 200 OK (78ms)
[wrangler:info] GET /js/utils/version-stamp.js 200 OK (101ms)
[wrangler:info] GET /js/status-widget.js 200 OK (107ms)
[wrangler:info] GET /assets/icons/ui/streamsuites-filled.svg 200 OK (12ms)
[wrangler:info] GET /assets/icons/ui/profile.svg 200 OK (22ms)
[wrangler:info] GET /assets/placeholders/defaultprofilecover.webp 200 OK (28ms)
[wrangler:info] GET /assets/games/currencyunit.svg 200 OK (32ms)
[wrangler:info] GET /assets/logos/ssmotfinew.webp 200 OK (43ms)
[wrangler:info] GET /assets/icons/ui/profilecard.svg 200 OK (49ms)
[wrangler:info] GET /assets/icons/ui/idcardfilled.svg 200 OK (58ms)
[wrangler:info] GET /assets/fonts/Tektur-VariableFont_wdth,wght.ttf 200 OK (60ms)
[wrangler:info] GET /assets/fonts/mono/IBMPlexMono-Regular.ttf 200 OK (59ms)
[wrangler:info] GET /assets/fonts/body/Blinker-Black.ttf 200 OK (74ms)
[wrangler:info] GET /assets/fonts/body/Blinker-SemiBold.ttf 200 OK (87ms)
[wrangler:info] GET /assets/icons/ui/visible.svg 200 OK (104ms)
[wrangler:info] GET /data/clips.json 200 OK (91ms)
[wrangler:info] GET /shared/state/wheels.json 200 OK (88ms)
[wrangler:info] GET /shared/state/public_identities.json 200 OK (69ms)
[wrangler:info] GET /shared/state/public_artifacts.json 200 OK (62ms)
[wrangler:info] GET /data/notices.json 200 OK (60ms)
[wrangler:info] GET /data/meta.json 200 OK (49ms)
[wrangler:info] GET /shared/state/live_status.json 200 OK (45ms)
[wrangler:info] GET /shared/state/rumble_live_discovery.json 200 OK (35ms)
[wrangler:info] GET /assets/icons/rumble.svg 200 OK (34ms)
[wrangler:info] GET /assets/icons/tierbadge-admin.svg 200 OK (34ms)
[wrangler:info] GET /assets/icons/founder-gold.svg 200 OK (35ms)
[wrangler:info] GET /assets/icons/modgavel-blue.svg 200 OK (37ms)
[wrangler:info] GET /assets/icons/tierbadge-pro.svg 200 OK (34ms)
[wrangler:info] GET /assets/icons/ui/visible.svg 200 OK (36ms)
[wrangler:info] GET /assets/icons/link.svg 200 OK (38ms)
[wrangler:info] GET /assets/icons/ui/clipcards.svg 200 OK (10ms)
[wrangler:info] GET /assets/icons/ui/cards.svg 200 OK (15ms)
[wrangler:info] GET /assets/icons/ui/streamsuitesicon.svg 200 OK (15ms)
[wrangler:info] GET /assets/icons/ui/clipboard.svg 200 OK (14ms)
[wrangler:info] GET /assets/icons/ui/tickyes.svg 200 OK (12ms)
[wrangler:info] GET /assets/icons/ui/send.svg 200 OK (10ms)
[wrangler:info] GET /assets/icons/ui/findmehereicon.svg 200 OK (11ms)
[wrangler:info] GET /assets/icons/ui/shieldtick.svg 200 OK (11ms)
[wrangler:info] GET /assets/icons/youtube.svg 200 OK (11ms)
[wrangler:info] GET /assets/icons/twitch.svg 200 OK (13ms)
[wrangler:info] GET /assets/icons/kick.svg 200 OK (12ms)
[wrangler:info] GET /assets/icons/pilled.svg 200 OK (12ms)
[wrangler:info] GET /assets/icons/discord.svg 200 OK (18ms)
[wrangler:info] GET /assets/icons/x.svg 200 OK (15ms)
[wrangler:info] GET /assets/icons/website.svg 200 OK (13ms)
[wrangler:info] GET /assets/icons/ui/hidden.svg 200 OK (14ms)
[wrangler:info] GET /js/public-page-visit.js 200 OK (12ms)
[wrangler:info] GET /js/status-data.js 200 OK (12ms)
[wrangler:info] GET /assets/games/xpstar.webp 200 OK (19ms)
[wrangler:info] GET /assets/games/03-bronze.webp 200 OK (20ms)
[wrangler:info] GET /assets/games/sscoin-3.webp 200 OK (14ms)
[wrangler:info] GET /assets/games/ssbanknotes-3.webp 200 OK (21ms)
[wrangler:info] GET /assets/games/ssdiamond-3.webp 200 OK (23ms)
[wrangler:info] GET /assets/games/potion.webp 200 OK (31ms)
[wrangler:info] GET /assets/games/crate-default.webp 200 OK (40ms)
[wrangler:info] GET /assets/fonts/mono/IBMPlexMono-Medium.ttf 200 OK (32ms)
[wrangler:info] GET /assets/fonts/Geist-SemiBold.ttf 200 OK (34ms)
[wrangler:info] GET /assets/games/crate-mystery.webp 200 OK (30ms)
[wrangler:info] GET /assets/games/material-brick.webp 200 OK (36ms)
[wrangler:info] GET /assets/games/material-fabric.webp 200 OK (47ms)
[wrangler:info] GET /assets/games/sscurrency.webp 200 OK (58ms)
[wrangler:info] GET /assets/games/icon-inventory-2.webp 200 OK (25ms)
[wrangler:info] GET /api/public/community/members 200 OK (2503ms)
[wrangler:info] POST /api/public/analytics/page-visit 403 Forbidden (708ms)
[wrangler:info] GET /assets/games/00-stone.webp 200 OK (11ms)
[wrangler:info] GET /assets/icons/ui/editcon.svg 200 OK (20ms)
[wrangler:info] GET /assets/icons/ui/globe.svg 200 OK (13ms)
[wrangler:info] GET /assets/fonts/body/Blinker-ExtraBold.ttf 200 OK (16ms)
[wrangler:info] GET /assets/icons/ui/piechart.svg 200 OK (22ms)
[wrangler:info] GET /assets/backgrounds/lvlbanner-bronze.webp 200 OK (26ms)
[wrangler:info] GET /assets/icons/ui/barchart.svg 200 OK (34ms)
[wrangler:info] GET /assets/placeholders/wheelcenterdefault.webp 200 OK (23ms)
[wrangler:info] GET /u/bsmediagroup 200 OK (1700ms)
[wrangler:info] GET /css/theme-dark.css 200 OK (14ms)
[wrangler:info] GET /css/base.css 200 OK (15ms)
[wrangler:info] GET /css/status-widget.css 200 OK (31ms)
[wrangler:info] GET /css/public-shell.css 200 OK (19ms)
[wrangler:info] GET /css/public-profile.css 200 OK (25ms)
[wrangler:info] GET /css/public-fonts.css 200 OK (32ms)
[wrangler:info] GET /css/feature-edges.css 200 OK (34ms)
[wrangler:info] GET /assets/css/ss-profile-hovercard.css 200 OK (34ms)
[wrangler:info] GET /assets/logos/wmnew.webp 200 OK (28ms)
[wrangler:info] GET /js/utils/versioning.js 200 OK (35ms)
[wrangler:info] GET /js/public-badge-ui.js 200 OK (45ms)
[wrangler:info] GET /js/public-data-hub.js 200 OK (51ms)
[wrangler:info] GET /assets/logos/ssmainlogosq.webp 200 OK (39ms)
[wrangler:info] GET /js/public-pages-app.js 200 OK (53ms)
[wrangler:info] GET /assets/fonts/body/Blinker-Bold.ttf 200 OK (58ms)
[wrangler:info] GET /assets/fonts/mono/IBMPlexMono-Bold.ttf 200 OK (68ms)
[wrangler:info] GET /assets/fonts/mono/IBMPlexMono-SemiBold.ttf 200 OK (71ms)
[wrangler:info] GET /assets/fonts/body/Blinker-Regular.ttf 200 OK (77ms)
[wrangler:info] GET /assets/js/ss-profile-hovercard.js 200 OK (67ms)
[wrangler:info] GET /js/utils/version-stamp.js 200 OK (48ms)
[wrangler:info] GET /js/status-widget.js 200 OK (55ms)
[wrangler:info] GET /assets/icons/ui/streamsuites-filled.svg 200 OK (25ms)
[wrangler:info] GET /assets/icons/ui/profile.svg 200 OK (27ms)
[wrangler:info] GET /assets/placeholders/defaultprofilecover.webp 200 OK (39ms)
[wrangler:info] GET /assets/games/currencyunit.svg 200 OK (46ms)
[wrangler:info] GET /assets/logos/ssmotfinew.webp 200 OK (50ms)
[wrangler:info] GET /assets/icons/ui/profilecard.svg 200 OK (57ms)
[wrangler:info] GET /assets/fonts/Tektur-VariableFont_wdth,wght.ttf 200 OK (43ms)
[wrangler:info] GET /assets/fonts/mono/IBMPlexMono-Regular.ttf 200 OK (47ms)
[wrangler:info] GET /assets/fonts/body/Blinker-Black.ttf 200 OK (46ms)
[wrangler:info] GET /assets/fonts/body/Blinker-SemiBold.ttf 200 OK (52ms)
[wrangler:info] GET /assets/icons/ui/idcardfilled.svg 200 OK (53ms)
[wrangler:info] GET /assets/icons/ui/visible.svg 200 OK (53ms)
[wrangler:info] GET /data/clips.json 200 OK (56ms)
[wrangler:info] GET /shared/state/wheels.json 200 OK (59ms)
[wrangler:info] GET /shared/state/public_identities.json 200 OK (53ms)
[wrangler:info] GET /shared/state/public_artifacts.json 200 OK (51ms)
[wrangler:info] GET /data/notices.json 200 OK (51ms)
[wrangler:info] GET /data/meta.json 200 OK (45ms)
[wrangler:info] GET /shared/state/live_status.json 200 OK (44ms)
[wrangler:info] GET /shared/state/rumble_live_discovery.json 200 OK (42ms)
[wrangler:info] GET /assets/icons/rumble.svg 200 OK (43ms)
[wrangler:info] GET /assets/icons/youtube.svg 200 OK (39ms)
[wrangler:info] GET /assets/icons/twitch.svg 200 OK (45ms)
[wrangler:info] GET /assets/icons/kick.svg 200 OK (47ms)
[wrangler:info] GET /assets/icons/tierbadge-admin.svg 200 OK (46ms)
[wrangler:info] GET /assets/icons/founder-gold.svg 200 OK (47ms)
[wrangler:info] GET /assets/icons/ui/visible.svg 200 OK (46ms)
[wrangler:info] GET /assets/icons/modgavel-blue.svg 200 OK (45ms)
[wrangler:info] GET /assets/icons/tierbadge-pro.svg 200 OK (43ms)
[wrangler:info] GET /assets/icons/link.svg 200 OK (35ms)
[wrangler:info] GET /assets/icons/ui/clipcards.svg 200 OK (17ms)
[wrangler:info] GET /assets/icons/ui/cards.svg 200 OK (22ms)
[wrangler:info] GET /assets/icons/ui/streamsuitesicon.svg 200 OK (23ms)
[wrangler:info] GET /assets/icons/ui/clipboard.svg 200 OK (25ms)
[wrangler:info] GET /assets/icons/ui/tickyes.svg 200 OK (30ms)
[wrangler:info] GET /assets/icons/ui/send.svg 200 OK (30ms)
[wrangler:info] GET /assets/icons/ui/findmehereicon.svg 200 OK (28ms)
[wrangler:info] GET /assets/icons/ui/shieldtick.svg 200 OK (31ms)
[wrangler:info] GET /assets/icons/pilled.svg 200 OK (32ms)
[wrangler:info] GET /assets/icons/discord.svg 200 OK (31ms)
[wrangler:info] GET /assets/icons/x.svg 200 OK (33ms)
[wrangler:info] GET /assets/icons/website.svg 200 OK (31ms)
[wrangler:info] GET /assets/icons/ui/hidden.svg 200 OK (29ms)
[wrangler:info] GET /js/public-page-visit.js 200 OK (29ms)
[wrangler:info] GET /js/status-data.js 200 OK (27ms)
[wrangler:info] GET /assets/games/xpstar.webp 200 OK (29ms)
[wrangler:info] GET /assets/games/03-bronze.webp 200 OK (45ms)
[wrangler:info] GET /assets/games/sscoin-3.webp 200 OK (41ms)
[wrangler:info] GET /assets/games/ssbanknotes-3.webp 200 OK (44ms)
[wrangler:info] GET /assets/games/ssdiamond-3.webp 200 OK (47ms)
[wrangler:info] GET /assets/games/potion.webp 200 OK (12ms)
[wrangler:info] GET /assets/games/crate-default.webp 200 OK (25ms)
[wrangler:info] GET /assets/games/crate-mystery.webp 200 OK (21ms)
[wrangler:info] GET /assets/games/material-brick.webp 200 OK (22ms)
[wrangler:info] GET /assets/games/material-fabric.webp 200 OK (28ms)
[wrangler:info] GET /assets/games/sscurrency.webp 200 OK (39ms)
[wrangler:info] GET /assets/fonts/mono/IBMPlexMono-Medium.ttf 200 OK (16ms)
[wrangler:info] GET /assets/fonts/Geist-SemiBold.ttf 200 OK (15ms)
[wrangler:info] GET /assets/games/icon-inventory-2.webp 200 OK (18ms)
[wrangler:info] GET /assets/games/00-stone.webp 200 OK (25ms)
[wrangler:info] GET /api/public/community/members 200 OK (2519ms)
[wrangler:info] GET /assets/icons/ui/editcon.svg 200 OK (11ms)
[wrangler:info] GET /assets/fonts/body/Blinker-ExtraBold.ttf 200 OK (27ms)
[wrangler:info] GET /assets/backgrounds/lvlbanner-bronze.webp 200 OK (55ms)
[wrangler:info] GET /assets/icons/ui/globe.svg 200 OK (55ms)
[wrangler:info] GET /assets/icons/ui/cast.svg 200 OK (31ms)
[wrangler:info] GET /assets/icons/ui/piechart.svg 200 OK (39ms)
[wrangler:info] GET /assets/icons/ui/barchart.svg 200 OK (37ms)
[wrangler:info] GET /assets/placeholders/wheelcenterdefault.webp 200 OK (49ms)
[wrangler:info] GET /assets/data/public-item-catalog-tags.json 200 OK (13ms)
[wrangler:info] GET /assets/games/crate-mystery.webp 200 OK (18ms)
[wrangler:info] GET /assets/games/material-brick.webp 200 OK (65ms)
[wrangler:info] GET /assets/icons/rumble.svg 200 OK (26ms)
[wrangler:info] GET /assets/icons/youtube.svg 200 OK (29ms)
[wrangler:info] GET /assets/icons/twitch.svg 200 OK (39ms)
[wrangler:info] GET /assets/icons/kick.svg 200 OK (43ms)
[wrangler:info] GET /assets/icons/pilled.svg 200 OK (49ms)
[wrangler:info] GET /assets/icons/discord.svg 200 OK (40ms)
[wrangler:info] GET /assets/icons/x.svg 200 OK (38ms)
[wrangler:info] GET /assets/icons/website.svg 200 OK (29ms)
[wrangler:info] GET /assets/icons/rumble.svg 200 OK (12ms)
[wrangler:info] GET /assets/icons/youtube.svg 200 OK (16ms)
[wrangler:info] GET /assets/icons/twitch.svg 200 OK (23ms)
[wrangler:info] GET /assets/icons/kick.svg 200 OK (31ms)
[wrangler:info] GET /assets/icons/pilled.svg 200 OK (36ms)
[wrangler:info] GET /assets/icons/discord.svg 200 OK (39ms)
[wrangler:info] GET /assets/icons/x.svg 200 OK (43ms)
[wrangler:info] GET /assets/icons/website.svg 200 OK (46ms)
[wrangler:info] GET /assets/icons/ui/hidden.svg 200 OK (13ms)
[wrangler:info] GET /assets/icons/ui/visible.svg 200 OK (13ms)
[wrangler:info] GET /u/bsmediagroup 200 OK (1782ms)
[wrangler:info] GET /css/base.css 200 OK (15ms)
[wrangler:info] GET /css/theme-dark.css 200 OK (17ms)
[wrangler:info] GET /css/public-shell.css 200 OK (19ms)
[wrangler:info] GET /css/status-widget.css 200 OK (46ms)
[wrangler:info] GET /css/public-profile.css 200 OK (29ms)
[wrangler:info] GET /assets/css/ss-profile-hovercard.css 200 OK (45ms)
[wrangler:info] GET /css/public-fonts.css 200 OK (33ms)
[wrangler:info] GET /css/feature-edges.css 200 OK (34ms)
[wrangler:info] GET /assets/logos/wmnew.webp 200 OK (43ms)
[wrangler:info] GET /assets/logos/ssmainlogosq.webp 200 OK (48ms)
[wrangler:info] GET /js/utils/versioning.js 200 OK (41ms)
[wrangler:info] GET /js/public-pages-app.js 200 OK (51ms)
[wrangler:info] GET /js/public-badge-ui.js 200 OK (55ms)
[wrangler:info] GET /js/public-data-hub.js 200 OK (68ms)
[wrangler:info] GET /assets/fonts/body/Blinker-Bold.ttf 200 OK (79ms)
[wrangler:info] GET /assets/fonts/body/Blinker-Regular.ttf 200 OK (74ms)
[wrangler:info] GET /assets/fonts/mono/IBMPlexMono-Bold.ttf 200 OK (71ms)
[wrangler:info] GET /assets/fonts/mono/IBMPlexMono-SemiBold.ttf 200 OK (80ms)
[wrangler:info] GET /assets/js/ss-profile-hovercard.js 200 OK (59ms)
[wrangler:info] GET /js/utils/version-stamp.js 200 OK (55ms)
[wrangler:info] GET /js/status-widget.js 200 OK (61ms)
[wrangler:info] GET /assets/icons/ui/streamsuites-filled.svg 200 OK (19ms)
[wrangler:info] GET /assets/icons/ui/profile.svg 200 OK (27ms)
[wrangler:info] GET /assets/placeholders/defaultprofilecover.webp 200 OK (34ms)
[wrangler:info] GET /assets/fonts/Tektur-VariableFont_wdth,wght.ttf 200 OK (39ms)
[wrangler:info] GET /assets/games/currencyunit.svg 200 OK (44ms)
[wrangler:info] GET /assets/icons/ui/profilecard.svg 200 OK (51ms)
[wrangler:info] GET /assets/fonts/mono/IBMPlexMono-Regular.ttf 200 OK (43ms)
[wrangler:info] GET /assets/fonts/body/Blinker-Black.ttf 200 OK (47ms)
[wrangler:info] GET /assets/fonts/body/Blinker-SemiBold.ttf 200 OK (54ms)
[wrangler:info] GET /data/clips.json 200 OK (62ms)
[wrangler:info] GET /shared/state/wheels.json 200 OK (52ms)
[wrangler:info] GET /shared/state/public_identities.json 200 OK (46ms)
[wrangler:info] GET /shared/state/public_artifacts.json 200 OK (56ms)
[wrangler:info] GET /data/notices.json 200 OK (53ms)
[wrangler:info] GET /data/meta.json 200 OK (53ms)
[wrangler:info] GET /shared/state/live_status.json 200 OK (57ms)
[wrangler:info] GET /shared/state/rumble_live_discovery.json 200 OK (53ms)
[wrangler:info] GET /assets/icons/rumble.svg 200 OK (54ms)
[wrangler:info] GET /assets/icons/tierbadge-admin.svg 200 OK (44ms)
[wrangler:info] GET /assets/icons/founder-gold.svg 200 OK (36ms)
[wrangler:info] GET /assets/icons/modgavel-blue.svg 200 OK (33ms)
[wrangler:info] GET /assets/icons/tierbadge-pro.svg 200 OK (39ms)
[wrangler:info] GET /assets/icons/ui/visible.svg 200 OK (38ms)
[wrangler:info] GET /assets/logos/ssmotfinew.webp 200 OK (11ms)
[wrangler:info] GET /assets/icons/ui/idcardfilled.svg 200 OK (16ms)
[wrangler:info] GET /assets/icons/ui/visible.svg 200 OK (12ms)
[wrangler:info] GET /assets/icons/ui/clipcards.svg 200 OK (14ms)
[wrangler:info] GET /assets/icons/ui/cards.svg 200 OK (11ms)
[wrangler:info] GET /assets/icons/ui/streamsuitesicon.svg 200 OK (12ms)
[wrangler:info] GET /assets/icons/ui/clipboard.svg 200 OK (11ms)
[wrangler:info] GET /assets/icons/ui/tickyes.svg 200 OK (11ms)
[wrangler:info] GET /assets/icons/ui/send.svg 200 OK (13ms)
[wrangler:info] GET /assets/icons/ui/findmehereicon.svg 200 OK (13ms)
[wrangler:info] GET /assets/icons/ui/shieldtick.svg 200 OK (12ms)
[wrangler:info] GET /assets/icons/youtube.svg 200 OK (10ms)
[wrangler:info] GET /assets/icons/twitch.svg 200 OK (14ms)
[wrangler:info] GET /assets/icons/kick.svg 200 OK (13ms)
[wrangler:info] GET /assets/icons/pilled.svg 200 OK (12ms)
[wrangler:info] GET /assets/icons/discord.svg 200 OK (12ms)
[wrangler:info] GET /assets/icons/x.svg 200 OK (13ms)
[wrangler:info] GET /assets/icons/website.svg 200 OK (15ms)
[wrangler:info] GET /assets/icons/link.svg 200 OK (15ms)
[wrangler:info] GET /assets/icons/ui/hidden.svg 200 OK (11ms)
[wrangler:info] GET /js/public-page-visit.js 200 OK (10ms)
[wrangler:info] GET /js/status-data.js 200 OK (9ms)
[wrangler:info] GET /assets/games/xpstar.webp 200 OK (14ms)
[wrangler:info] GET /assets/games/03-bronze.webp 200 OK (29ms)
[wrangler:info] GET /assets/fonts/body/Blinker-ExtraBold.ttf 200 OK (11ms)
[wrangler:info] GET /assets/games/sscoin-3.webp 200 OK (13ms)
[wrangler:info] GET /assets/games/ssbanknotes-3.webp 200 OK (22ms)
[wrangler:info] GET /assets/games/ssdiamond-3.webp 200 OK (21ms)
[wrangler:info] GET /assets/games/potion.webp 200 OK (31ms)
[wrangler:info] GET /assets/games/crate-default.webp 200 OK (43ms)
[wrangler:info] GET /assets/fonts/mono/IBMPlexMono-Medium.ttf 200 OK (20ms)
[wrangler:info] GET /assets/fonts/Geist-SemiBold.ttf 200 OK (24ms)
[wrangler:info] GET /assets/games/crate-mystery.webp 200 OK (23ms)
[wrangler:info] GET /assets/games/material-brick.webp 200 OK (27ms)
[wrangler:info] GET /assets/games/material-fabric.webp 200 OK (42ms)
[wrangler:info] GET /assets/games/sscurrency.webp 200 OK (53ms)
[wrangler:info] GET /assets/games/icon-inventory-2.webp 200 OK (64ms)
[wrangler:info] GET /assets/games/00-stone.webp 200 OK (29ms)
[wrangler:info] GET /assets/icons/ui/globe.svg 200 OK (15ms)
[wrangler:info] GET /assets/backgrounds/lvlbanner-bronze.webp 200 OK (18ms)
[wrangler:info] GET /assets/icons/ui/cast.svg 200 OK (28ms)
[wrangler:info] GET /api/public/community/members 200 OK (2478ms)
[wrangler:info] POST /api/public/analytics/page-visit 403 Forbidden (738ms)
[wrangler:info] GET /assets/icons/ui/editcon.svg 200 OK (10ms)
[wrangler:info] GET /u/bsmediagroup 200 OK (1906ms)
[wrangler:info] GET /css/base.css 200 OK (7ms)
[wrangler:info] GET /css/theme-dark.css 200 OK (13ms)
[wrangler:info] GET /css/public-shell.css 200 OK (13ms)
[wrangler:info] GET /css/public-profile.css 200 OK (23ms)
[wrangler:info] GET /css/status-widget.css 200 OK (28ms)
[wrangler:info] GET /assets/css/ss-profile-hovercard.css 200 OK (37ms)
[wrangler:info] GET /css/public-fonts.css 200 OK (26ms)
[wrangler:info] GET /css/feature-edges.css 200 OK (35ms)
[wrangler:info] GET /assets/logos/wmnew.webp 200 OK (15ms)
[wrangler:info] GET /assets/logos/ssmainlogosq.webp 200 OK (23ms)
[wrangler:info] GET /js/utils/versioning.js 200 OK (20ms)
[wrangler:info] GET /js/public-badge-ui.js 200 OK (25ms)
[wrangler:info] GET /js/public-data-hub.js 200 OK (32ms)
[wrangler:info] GET /js/public-pages-app.js 200 OK (30ms)
[wrangler:info] GET /assets/js/ss-profile-hovercard.js 200 OK (36ms)
[wrangler:info] GET /js/utils/version-stamp.js 200 OK (35ms)
[wrangler:info] GET /js/status-widget.js 200 OK (47ms)
[wrangler:info] GET /assets/fonts/body/Blinker-Bold.ttf 200 OK (53ms)
[wrangler:info] GET /assets/fonts/body/Blinker-Regular.ttf 200 OK (59ms)
[wrangler:info] GET /assets/fonts/mono/IBMPlexMono-Bold.ttf 200 OK (61ms)
[wrangler:info] GET /assets/fonts/mono/IBMPlexMono-SemiBold.ttf 200 OK (54ms)
[wrangler:info] GET /assets/icons/ui/streamsuites-filled.svg 200 OK (16ms)
[wrangler:info] GET /assets/icons/ui/profile.svg 200 OK (23ms)
[wrangler:info] GET /assets/placeholders/defaultprofilecover.webp 200 OK (40ms)
[wrangler:info] GET /assets/fonts/Tektur-VariableFont_wdth,wght.ttf 200 OK (25ms)
[wrangler:info] GET /assets/fonts/mono/IBMPlexMono-Regular.ttf 200 OK (35ms)
[wrangler:info] GET /assets/fonts/body/Blinker-Black.ttf 200 OK (45ms)
[wrangler:info] GET /assets/fonts/body/Blinker-SemiBold.ttf 200 OK (47ms)
[wrangler:info] GET /data/clips.json 200 OK (52ms)
[wrangler:info] GET /shared/state/wheels.json 200 OK (49ms)
[wrangler:info] GET /shared/state/public_identities.json 200 OK (37ms)
[wrangler:info] GET /shared/state/public_artifacts.json 200 OK (34ms)
[wrangler:info] GET /data/notices.json 200 OK (42ms)
[wrangler:info] GET /assets/icons/ui/clipcards.svg 200 OK (42ms)
[wrangler:info] GET /assets/icons/ui/visible.svg 200 OK (44ms)
[wrangler:info] GET /data/meta.json 200 OK (48ms)
[wrangler:info] GET /shared/state/live_status.json 200 OK (55ms)
[wrangler:info] GET /shared/state/rumble_live_discovery.json 200 OK (55ms)
[wrangler:info] GET /assets/icons/rumble.svg 200 OK (51ms)
[wrangler:info] GET /assets/icons/youtube.svg 200 OK (50ms)
[wrangler:info] GET /assets/icons/twitch.svg 200 OK (58ms)
[wrangler:info] GET /assets/icons/kick.svg 200 OK (54ms)
[wrangler:info] GET /assets/icons/tierbadge-admin.svg 200 OK (43ms)
[wrangler:info] GET /assets/icons/founder-gold.svg 200 OK (45ms)
[wrangler:info] GET /assets/icons/modgavel-blue.svg 200 OK (48ms)
[wrangler:info] GET /assets/icons/tierbadge-pro.svg 200 OK (34ms)
[wrangler:info] GET /assets/icons/link.svg 200 OK (38ms)
[wrangler:info] GET /assets/icons/ui/visible.svg 200 OK (40ms)
[wrangler:info] GET /assets/games/currencyunit.svg 200 OK (21ms)
[wrangler:info] GET /assets/logos/ssmotfinew.webp 200 OK (22ms)
[wrangler:info] GET /assets/icons/ui/profilecard.svg 200 OK (21ms)
[wrangler:info] GET /assets/icons/ui/idcardfilled.svg 200 OK (27ms)
[wrangler:info] GET /assets/icons/ui/cards.svg 200 OK (35ms)
[wrangler:info] GET /assets/icons/ui/streamsuitesicon.svg 200 OK (28ms)
[wrangler:info] GET /assets/icons/ui/clipboard.svg 200 OK (24ms)
[wrangler:info] GET /assets/icons/ui/tickyes.svg 200 OK (31ms)
[wrangler:info] GET /assets/icons/ui/send.svg 200 OK (31ms)
[wrangler:info] GET /assets/icons/ui/findmehereicon.svg 200 OK (32ms)
[wrangler:info] GET /assets/icons/ui/shieldtick.svg 200 OK (29ms)
[wrangler:info] GET /assets/icons/pilled.svg 200 OK (30ms)
[wrangler:info] GET /assets/icons/discord.svg 200 OK (30ms)
[wrangler:info] GET /assets/icons/x.svg 200 OK (33ms)
[wrangler:info] GET /assets/icons/website.svg 200 OK (34ms)
[wrangler:info] GET /assets/icons/ui/hidden.svg 200 OK (34ms)
[wrangler:info] GET /js/public-page-visit.js 200 OK (32ms)
[wrangler:info] GET /js/status-data.js 200 OK (33ms)
[wrangler:info] GET /assets/games/xpstar.webp 200 OK (37ms)
[wrangler:info] GET /assets/games/03-bronze.webp 200 OK (43ms)
[wrangler:info] GET /assets/games/sscoin-3.webp 200 OK (54ms)
[wrangler:info] GET /assets/games/ssdiamond-3.webp 200 OK (89ms)
[wrangler:info] GET /assets/games/ssbanknotes-3.webp 200 OK (73ms)
[wrangler:info] GET /assets/games/potion.webp 200 OK (15ms)
[wrangler:info] GET /assets/games/crate-default.webp 200 OK (29ms)
[wrangler:info] GET /assets/games/crate-mystery.webp 200 OK (23ms)
[wrangler:info] GET /assets/games/material-brick.webp 200 OK (31ms)
[wrangler:info] GET /assets/games/material-fabric.webp 200 OK (32ms)
[wrangler:info] GET /assets/fonts/mono/IBMPlexMono-Medium.ttf 200 OK (42ms)
[wrangler:info] GET /assets/fonts/Geist-SemiBold.ttf 200 OK (27ms)
[wrangler:info] GET /assets/games/sscurrency.webp 200 OK (33ms)
[wrangler:info] GET /assets/games/icon-inventory-2.webp 200 OK (62ms)
[wrangler:info] GET /assets/games/00-stone.webp 200 OK (34ms)
[wrangler:info] POST /api/public/analytics/page-visit 403 Forbidden (688ms)
[wrangler:info] GET /api/public/community/members 200 OK (2774ms)
[wrangler:info] GET /u/bsmediagroup 200 OK (2537ms)
[wrangler:info] GET /css/base.css 200 OK (15ms)
[wrangler:info] GET /css/theme-dark.css 200 OK (16ms)
[wrangler:info] GET /css/public-shell.css 200 OK (18ms)
[wrangler:info] GET /css/public-profile.css 200 OK (22ms)
[wrangler:info] GET /css/status-widget.css 200 OK (27ms)
[wrangler:info] GET /assets/css/ss-profile-hovercard.css 200 OK (34ms)
[wrangler:info] GET /css/public-fonts.css 200 OK (28ms)
[wrangler:info] GET /css/feature-edges.css 200 OK (31ms)
[wrangler:info] GET /assets/logos/wmnew.webp 200 OK (28ms)
[wrangler:info] GET /assets/logos/ssmainlogosq.webp 200 OK (31ms)
[wrangler:info] GET /js/utils/versioning.js 200 OK (31ms)
[wrangler:info] GET /js/public-badge-ui.js 200 OK (40ms)
[wrangler:info] GET /js/public-data-hub.js 200 OK (48ms)
[wrangler:info] GET /js/public-pages-app.js 200 OK (54ms)
[wrangler:info] GET /assets/fonts/body/Blinker-Bold.ttf 200 OK (56ms)
[wrangler:info] GET /assets/fonts/body/Blinker-Regular.ttf 200 OK (59ms)
[wrangler:info] GET /assets/fonts/mono/IBMPlexMono-Bold.ttf 200 OK (60ms)
[wrangler:info] GET /assets/fonts/mono/IBMPlexMono-SemiBold.ttf 200 OK (65ms)
[wrangler:info] GET /assets/js/ss-profile-hovercard.js 200 OK (53ms)
[wrangler:info] GET /js/utils/version-stamp.js 200 OK (14ms)
[wrangler:info] GET /js/status-widget.js 200 OK (20ms)
[wrangler:info] GET /assets/icons/ui/streamsuites-filled.svg 200 OK (12ms)
[wrangler:info] GET /assets/icons/ui/profile.svg 200 OK (18ms)
[wrangler:info] GET /assets/placeholders/defaultprofilecover.webp 200 OK (26ms)
[wrangler:info] GET /assets/fonts/Tektur-VariableFont_wdth,wght.ttf 200 OK (23ms)
[wrangler:info] GET /assets/fonts/mono/IBMPlexMono-Regular.ttf 200 OK (30ms)
[wrangler:info] GET /assets/fonts/body/Blinker-Black.ttf 200 OK (40ms)
[wrangler:info] GET /assets/fonts/body/Blinker-SemiBold.ttf 200 OK (46ms)
[wrangler:info] GET /data/clips.json 200 OK (47ms)
[wrangler:info] GET /shared/state/wheels.json 200 OK (32ms)
[wrangler:info] GET /shared/state/public_identities.json 200 OK (32ms)
[wrangler:info] GET /shared/state/public_artifacts.json 200 OK (29ms)
[wrangler:info] GET /data/meta.json 200 OK (38ms)
[wrangler:info] GET /data/notices.json 200 OK (42ms)
[wrangler:info] GET /shared/state/live_status.json 200 OK (38ms)
[wrangler:info] GET /shared/state/rumble_live_discovery.json 200 OK (42ms)
[wrangler:info] GET /assets/icons/rumble.svg 200 OK (31ms)
[wrangler:info] GET /assets/icons/tierbadge-admin.svg 200 OK (37ms)
[wrangler:info] GET /assets/icons/founder-gold.svg 200 OK (37ms)
[wrangler:info] GET /assets/icons/modgavel-blue.svg 200 OK (34ms)
[wrangler:info] GET /assets/icons/tierbadge-pro.svg 200 OK (35ms)
[wrangler:info] GET /assets/games/currencyunit.svg 200 OK (11ms)
[wrangler:info] GET /assets/logos/ssmotfinew.webp 200 OK (16ms)
[wrangler:info] GET /assets/icons/ui/profilecard.svg 200 OK (14ms)
[wrangler:info] GET /assets/icons/ui/idcardfilled.svg 200 OK (15ms)
[wrangler:info] GET /assets/icons/ui/visible.svg 200 OK (12ms)
[wrangler:info] GET /assets/icons/ui/clipcards.svg 200 OK (11ms)
[wrangler:info] GET /assets/icons/ui/cards.svg 200 OK (11ms)
[wrangler:info] GET /assets/icons/ui/streamsuitesicon.svg 200 OK (19ms)
[wrangler:info] GET /assets/icons/ui/clipboard.svg 200 OK (13ms)
[wrangler:info] GET /assets/icons/ui/tickyes.svg 200 OK (14ms)
[wrangler:info] GET /assets/icons/ui/send.svg 200 OK (19ms)
[wrangler:info] GET /assets/icons/ui/findmehereicon.svg 200 OK (26ms)
[wrangler:info] GET /assets/icons/ui/shieldtick.svg 200 OK (23ms)
[wrangler:info] GET /assets/icons/youtube.svg 200 OK (24ms)
[wrangler:info] GET /assets/icons/twitch.svg 200 OK (27ms)
[wrangler:info] GET /assets/icons/kick.svg 200 OK (27ms)
[wrangler:info] GET /assets/icons/pilled.svg 200 OK (29ms)
[wrangler:info] GET /assets/icons/discord.svg 200 OK (32ms)
[wrangler:info] GET /assets/icons/x.svg 200 OK (33ms)
[wrangler:info] GET /assets/icons/website.svg 200 OK (32ms)
[wrangler:info] GET /assets/icons/ui/visible.svg 200 OK (32ms)
[wrangler:info] GET /assets/icons/link.svg 200 OK (31ms)
[wrangler:info] GET /assets/icons/ui/hidden.svg 200 OK (30ms)
[wrangler:info] GET /js/public-page-visit.js 200 OK (28ms)
[wrangler:info] GET /js/status-data.js 200 OK (28ms)
[wrangler:info] GET /assets/games/xpstar.webp 200 OK (34ms)
[wrangler:info] GET /assets/games/03-bronze.webp 200 OK (37ms)
[wrangler:info] GET /assets/games/sscoin-3.webp 200 OK (39ms)
[wrangler:info] GET /assets/games/ssbanknotes-3.webp 200 OK (43ms)
[wrangler:info] GET /assets/games/ssdiamond-3.webp 200 OK (46ms)
[wrangler:info] GET /assets/games/potion.webp 200 OK (12ms)
[wrangler:info] GET /assets/games/crate-default.webp 200 OK (24ms)
[wrangler:info] GET /assets/games/crate-mystery.webp 200 OK (26ms)
[wrangler:info] GET /assets/games/material-brick.webp 200 OK (29ms)
[wrangler:info] GET /assets/games/material-fabric.webp 200 OK (35ms)
[wrangler:info] GET /assets/games/sscurrency.webp 200 OK (47ms)
[wrangler:info] GET /assets/fonts/mono/IBMPlexMono-Medium.ttf 200 OK (20ms)
[wrangler:info] GET /assets/fonts/Geist-SemiBold.ttf 200 OK (19ms)
[wrangler:info] GET /assets/games/icon-inventory-2.webp 200 OK (11ms)
[wrangler:info] GET /assets/games/00-stone.webp 200 OK (15ms)
[wrangler:info] GET /u/bsmediagroup 200 OK (1381ms)
[wrangler:info] GET /api/public/community/members 200 OK (2589ms)
[wrangler:info] GET /assets/icons/ui/editcon.svg 200 OK (12ms)
[wrangler:info] GET / 200 OK (17ms)
[wrangler:info] GET /u/bsmediagroup 200 OK (1757ms)
[wrangler:info] GET /status 200 OK (11ms)
[wrangler:info] GET /health 200 OK (9ms)
[wrangler:info] GET /version 200 OK (9ms)
                                                                                                                                                                                                    ✨ Compiled Worker successfully
⎔ Reloading local server...
⎔ Local server updated and ready
✨ Compiled Worker successfully
⎔ Reloading local server...
⎔ Local server updated and ready
                                                                                                  ✨ Compiled Worker successfully
⎔ Reloading local server...
⎔ Local server updated and ready
